#-----------------------------------------------------------
# Vivado v2023.1.1 (64-bit)
# SW Build 3900603 on Fri Jun 16 19:31:24 MDT 2023
# IP Build 3900379 on Sat Jun 17 05:28:05 MDT 2023
# SharedData Build 3899622 on Fri Jun 16 03:34:24 MDT 2023
# Start of session at: Fri Aug 25 01:52:29 2023
# Process ID: 11796
# Current directory: D:/Proiect_3/Block_Design/Block_Design.runs/Block_Design_ilmb_v10_0_synth_1
# Command line: vivado.exe -log Block_Design_ilmb_v10_0.vds -product Vivado -mode batch -messageDb vivado.pb -notrace -source Block_Design_ilmb_v10_0.tcl
# Log file: D:/Proiect_3/Block_Design/Block_Design.runs/Block_Design_ilmb_v10_0_synth_1/Block_Design_ilmb_v10_0.vds
# Journal file: D:/Proiect_3/Block_Design/Block_Design.runs/Block_Design_ilmb_v10_0_synth_1\vivado.jou
# Running On: DESKTOP-7P0D6RH, OS: Windows, CPU Frequency: 2611 MHz, CPU Physical cores: 10, Host memory: 16836 MB
#-----------------------------------------------------------
source Block_Design_ilmb_v10_0.tcl -notrace
