Copyright 1986-2022 Xilinx, Inc. All Rights Reserved. Copyright 2022-2023 Advanced Micro Devices, Inc. All Rights Reserved.
---------------------------------------------------------------------------------------------------------------------------------------------
| Tool Version : Vivado v.2023.1.1 (win64) Build 3900603 Fri Jun 16 19:31:24 MDT 2023
| Date         : Fri Aug 25 02:05:22 2023
| Host         : DESKTOP-7P0D6RH running 64-bit major release  (build 9200)
| Command      : report_control_sets -verbose -file Block_Design_wrapper_control_sets_placed.rpt
| Design       : Block_Design_wrapper
| Device       : xc7z020
---------------------------------------------------------------------------------------------------------------------------------------------

Control Set Information

Table of Contents
-----------------
1. Summary
2. Histogram
3. Flip-Flop Distribution
4. Detailed Control Set Information

1. Summary
----------

+----------------------------------------------------------+-------+
|                          Status                          | Count |
+----------------------------------------------------------+-------+
| Total control sets                                       |   128 |
|    Minimum number of control sets                        |   128 |
|    Addition due to synthesis replication                 |     0 |
|    Addition due to physical synthesis replication        |     0 |
| Unused register locations in slices containing registers |   182 |
+----------------------------------------------------------+-------+
* Control sets can be merged at opt_design using control_set_merge or merge_equivalent_drivers
** Run report_qor_suggestions for automated merging and remapping suggestions


2. Histogram
------------

+--------------------+-------+
|       Fanout       | Count |
+--------------------+-------+
| Total control sets |   128 |
| >= 0 to < 4        |    10 |
| >= 4 to < 6        |     9 |
| >= 6 to < 8        |     9 |
| >= 8 to < 10       |    71 |
| >= 10 to < 12      |     3 |
| >= 12 to < 14      |     0 |
| >= 14 to < 16      |     1 |
| >= 16              |    25 |
+--------------------+-------+
* Control sets can be remapped at either synth_design or opt_design


3. Flip-Flop Distribution
-------------------------

+--------------+-----------------------+------------------------+-----------------+--------------+
| Clock Enable | Synchronous Set/Reset | Asynchronous Set/Reset | Total Registers | Total Slices |
+--------------+-----------------------+------------------------+-----------------+--------------+
| No           | No                    | No                     |             962 |          275 |
| No           | No                    | Yes                    |              29 |            8 |
| No           | Yes                   | No                     |             256 |          110 |
| Yes          | No                    | No                     |             217 |           66 |
| Yes          | No                    | Yes                    |              15 |            8 |
| Yes          | Yes                   | No                     |            1163 |          418 |
+--------------+-----------------------+------------------------+-----------------+--------------+


4. Detailed Control Set Information
-----------------------------------

+----------------------------------------------------------------+-------------------------------------------------------------------------------------------------------------------------------------------------------------------------------------------------------------+----------------------------------------------------------------------------------------------------------------------------------------------------+------------------+----------------+--------------+
|                          Clock Signal                          |                                                                                                Enable Signal                                                                                                |                                                                  Set/Reset Signal                                                                  | Slice Load Count | Bel Load Count | Bels / Slice |
+----------------------------------------------------------------+-------------------------------------------------------------------------------------------------------------------------------------------------------------------------------------------------------------+----------------------------------------------------------------------------------------------------------------------------------------------------+------------------+----------------+--------------+
|  Block_Design_i/mdm_1/U0/Use_E2.BSCAN_I/Dbg_Update_0_BUFG      | Block_Design_i/microblaze_0/U0/MicroBlaze_Core_I/Performance.Core/Use_Debug_Logic.Master_Core.Debug_Perf/Control_Reg_En                                                                                     | Block_Design_i/microblaze_0/U0/MicroBlaze_Core_I/Performance.Core/Use_Debug_Logic.Master_Core.Debug_Perf/Serial_Dbg_Intf.continue_from_brk_reg_n_0 |                1 |              1 |         1.00 |
|  Block_Design_i/mdm_1/U0/No_Dbg_Reg_Access.BUFG_DRCK/Dbg_Clk_0 | Block_Design_i/mdm_1/U0/Use_E2.BSCAN_I/Use_E2.BSCANE2_I_0                                                                                                                                                   | Block_Design_i/mdm_1/U0/MDM_Core_I1/JTAG_CONTROL_I/Functional_Reset                                                                                |                1 |              1 |         1.00 |
| ~Block_Design_i/mdm_1/U0/No_Dbg_Reg_Access.BUFG_DRCK/Dbg_Clk_0 | Block_Design_i/mdm_1/U0/MDM_Core_I1/JTAG_CONTROL_I/Use_BSCAN.FDC_I/CE                                                                                                                                       | Block_Design_i/mdm_1/U0/MDM_Core_I1/JTAG_CONTROL_I/Use_BSCAN.FDC_I/D                                                                               |                1 |              1 |         1.00 |
|  Block_Design_i/mdm_1/U0/Use_E2.BSCAN_I/Dbg_Update_0_BUFG      | Block_Design_i/microblaze_0/U0/MicroBlaze_Core_I/Performance.Core/Use_Debug_Logic.Master_Core.Debug_Perf/Control_Reg_En                                                                                     | Block_Design_i/microblaze_0/U0/MicroBlaze_Core_I/Performance.Core/Use_Debug_Logic.Master_Core.Debug_Perf/Serial_Dbg_Intf.force_stop_cmd_i_reg_0    |                1 |              1 |         1.00 |
|  Block_Design_i/mdm_1/U0/Use_E2.BSCAN_I/Dbg_Update_0_BUFG      | Block_Design_i/microblaze_0/U0/MicroBlaze_Core_I/Performance.Core/Use_Debug_Logic.Master_Core.Debug_Perf/Control_Reg_En                                                                                     | Block_Design_i/microblaze_0/U0/MicroBlaze_Core_I/Performance.Core/Use_Debug_Logic.Master_Core.Debug_Perf/Serial_Dbg_Intf.normal_stop_cmd_i_reg_n_0 |                1 |              1 |         1.00 |
|  Block_Design_i/mdm_1/U0/Use_E2.BSCAN_I/Dbg_Update_0_BUFG      | Block_Design_i/microblaze_0/U0/MicroBlaze_Core_I/Performance.Core/Use_Debug_Logic.Master_Core.Debug_Perf/Control_Reg_En                                                                                     | Block_Design_i/microblaze_0/U0/MicroBlaze_Core_I/Performance.Core/Use_Debug_Logic.Master_Core.Debug_Perf/start_single_step_reg_n_0                 |                1 |              1 |         1.00 |
| ~Block_Design_i/mdm_1/U0/Use_E2.BSCAN_I/Dbg_Update_0_BUFG      |                                                                                                                                                                                                             | Block_Design_i/mdm_1/U0/MDM_Core_I1/JTAG_CONTROL_I/sel_n                                                                                           |                1 |              1 |         1.00 |
|  Block_Design_i/clk_wiz_0/inst/clk_out1                        |                                                                                                                                                                                                             | Block_Design_i/microblaze_0/U0/MicroBlaze_Core_I/Performance.Core/Use_Debug_Logic.Master_Core.Debug_Perf/Serial_Dbg_Intf.capture_1                 |                1 |              1 |         1.00 |
|  Block_Design_i/mdm_1/U0/Use_E2.BSCAN_I/Dbg_Update_0_BUFG      | Block_Design_i/microblaze_0/U0/MicroBlaze_Core_I/Performance.Core/Use_Debug_Logic.Master_Core.Debug_Perf/Command_Reg_En                                                                                     | Block_Design_i/microblaze_0/U0/MicroBlaze_Core_I/Performance.Core/Use_Debug_Logic.Master_Core.Debug_Perf/command_reg_clear                         |                1 |              2 |         2.00 |
|  Block_Design_i/mdm_1/U0/Use_E2.BSCAN_I/Dbg_Update_0_BUFG      |                                                                                                                                                                                                             |                                                                                                                                                    |                3 |              3 |         1.00 |
|  Block_Design_i/mdm_1/U0/No_Dbg_Reg_Access.BUFG_DRCK/Dbg_Clk_0 | Block_Design_i/mdm_1/U0/MDM_Core_I1/Use_BSCAN.TDI_Shifter0                                                                                                                                                  | Block_Design_i/mdm_1/U0/Use_E2.BSCAN_I/AR[0]                                                                                                       |                1 |              4 |         4.00 |
|  Block_Design_i/clk_wiz_0/inst/clk_out1                        | Block_Design_i/axi_uartlite_0/U0/UARTLITE_CORE_I/BAUD_RATE_I/en_16x_Baud                                                                                                                                    |                                                                                                                                                    |                1 |              4 |         4.00 |
|  Block_Design_i/mdm_1/U0/Use_E2.BSCAN_I/Dbg_Update_0_BUFG      | Block_Design_i/microblaze_0/U0/MicroBlaze_Core_I/Performance.Core/Use_Debug_Logic.Master_Core.Debug_Perf/Control_Reg_En                                                                                     |                                                                                                                                                    |                1 |              4 |         4.00 |
|  Block_Design_i/mdm_1/U0/Use_E2.BSCAN_I/Dbg_Update_0_BUFG      | Block_Design_i/mdm_1/U0/MDM_Core_I1/Use_BSCAN.MDM_SEL                                                                                                                                                       | Block_Design_i/mdm_1/U0/Use_E2.BSCAN_I/AR[0]                                                                                                       |                1 |              4 |         4.00 |
| ~Block_Design_i/mdm_1/U0/Use_E2.BSCAN_I/Dbg_Update_0_BUFG      |                                                                                                                                                                                                             | Block_Design_i/mdm_1/U0/Use_E2.BSCAN_I/AR[0]                                                                                                       |                1 |              4 |         4.00 |
|  Block_Design_i/clk_wiz_0/inst/clk_out1                        | Block_Design_i/axi_uartlite_0/U0/AXI_LITE_IPIF_I/I_SLAVE_ATTACHMENT/start2                                                                                                                                  | Block_Design_i/axi_uartlite_0/U0/AXI_LITE_IPIF_I/I_SLAVE_ATTACHMENT/I_DECODER/cs_ce_clr                                                            |                1 |              4 |         4.00 |
|  Block_Design_i/clk_wiz_0/inst/clk_out1                        | Block_Design_i/microblaze_0/U0/MicroBlaze_Core_I/Performance.Core/Decode_I/wb_Halted                                                                                                                        | Block_Design_i/microblaze_0/U0/MicroBlaze_Core_I/sync_reset                                                                                        |                1 |              5 |         5.00 |
|  Block_Design_i/clk_wiz_0/inst/clk_out1                        | Block_Design_i/FFT_8_Points_IP_0/inst/FFT_8_Points_IP_v1_0_S00_AXI_inst/axi_awready0                                                                                                                        | Block_Design_i/FFT_8_Points_IP_0/inst/axi_awready_i_1_n_0                                                                                          |                2 |              5 |         2.50 |
|  Block_Design_i/clk_wiz_0/inst/clk_out1                        |                                                                                                                                                                                                             | Block_Design_i/rst_clk_wiz_0_100M/U0/EXT_LPF/lpf_int                                                                                               |                1 |              5 |         5.00 |
|  Block_Design_i/clk_wiz_0/inst/clk_out1                        |                                                                                                                                                                                                             | Block_Design_i/axi_uartlite_0/U0/UARTLITE_CORE_I/UARTLITE_RX_I/SRL_FIFO_I/I_SRL_FIFO_RBU_F/CNTR_INCR_DECR_ADDN_F_I/SS[0]                           |                3 |              6 |         2.00 |
|  Block_Design_i/clk_wiz_0/inst/clk_out1                        |                                                                                                                                                                                                             | Block_Design_i/axi_uartlite_0/U0/UARTLITE_CORE_I/UARTLITE_TX_I/SRL_FIFO_I/I_SRL_FIFO_RBU_F/CNTR_INCR_DECR_ADDN_F_I/SS[0]                           |                3 |              6 |         2.00 |
|  Block_Design_i/mdm_1/U0/No_Dbg_Reg_Access.BUFG_DRCK/Dbg_Clk_0 | Block_Design_i/mdm_1/U0/Use_E2.BSCAN_I/sel                                                                                                                                                                  |                                                                                                                                                    |                2 |              6 |         3.00 |
|  Block_Design_i/mdm_1/U0/No_Dbg_Reg_Access.BUFG_DRCK/Dbg_Clk_0 | Block_Design_i/mdm_1/U0/Use_E2.BSCAN_I/Use_E2.BSCANE2_I_2                                                                                                                                                   |                                                                                                                                                    |                2 |              6 |         3.00 |
|  Block_Design_i/mdm_1/U0/No_Dbg_Reg_Access.BUFG_DRCK/Dbg_Clk_0 | Block_Design_i/mdm_1/U0/MDM_Core_I1/JTAG_CONTROL_I/Use_BSCAN.FDC_I/sample_1                                                                                                                                 |                                                                                                                                                    |                1 |              6 |         6.00 |
|  Block_Design_i/clk_wiz_0/inst/clk_out1                        | Block_Design_i/rst_clk_wiz_0_100M/U0/SEQ/seq_cnt_en                                                                                                                                                         | Block_Design_i/rst_clk_wiz_0_100M/U0/SEQ/SEQ_COUNTER/clear                                                                                         |                1 |              6 |         6.00 |
|  Block_Design_i/clk_wiz_0/inst/clk_out1                        |                                                                                                                                                                                                             | Block_Design_i/FFT_8_Points_IP_0/inst/axi_awready_i_1_n_0                                                                                          |                2 |              6 |         3.00 |
|  Block_Design_i/clk_wiz_0/inst/clk_out1                        | Block_Design_i/FFT_8_Points_IP_0/inst/FFT_8_Points_IP_v1_0_S00_AXI_inst/axi_arready0                                                                                                                        | Block_Design_i/FFT_8_Points_IP_0/inst/axi_awready_i_1_n_0                                                                                          |                2 |              7 |         3.50 |
|  Block_Design_i/clk_wiz_0/inst/clk_out1                        | Block_Design_i/axi_uartlite_0/U0/UARTLITE_CORE_I/BAUD_RATE_I/en_16x_Baud                                                                                                                                    | Block_Design_i/axi_uartlite_0/U0/UARTLITE_CORE_I/UARTLITE_RX_I/SERIAL_TO_PARALLEL[8].fifo_din[8]_i_1_n_0                                           |                1 |              7 |         7.00 |
|  Block_Design_i/clk_wiz_0/inst/clk_out1                        | Block_Design_i/FFT_8_Points_IP_0/inst/FFT_8_Points_IP_v1_0_S00_AXI_inst/slv_reg4[31]_i_1_n_0                                                                                                                | Block_Design_i/FFT_8_Points_IP_0/inst/axi_awready_i_1_n_0                                                                                          |                3 |              8 |         2.67 |
|  Block_Design_i/mdm_1/U0/No_Dbg_Reg_Access.BUFG_DRCK/Dbg_Clk_0 | Block_Design_i/microblaze_0/U0/MicroBlaze_Core_I/Performance.Core/Use_Debug_Logic.Master_Core.Debug_Perf/Using_PC_Breakpoints.All_PC_Brks[0].Serial_Interface_1.address_hit_I/Compare[0].SRLC16E_I/which_pc |                                                                                                                                                    |                7 |              8 |         1.14 |
|  Block_Design_i/clk_wiz_0/inst/clk_out1                        | Block_Design_i/FFT_8_Points_IP_0/inst/FFT_8_Points_IP_v1_0_S00_AXI_inst/slv_reg2[23]_i_1_n_0                                                                                                                | Block_Design_i/FFT_8_Points_IP_0/inst/axi_awready_i_1_n_0                                                                                          |                2 |              8 |         4.00 |
|  Block_Design_i/mdm_1/U0/No_Dbg_Reg_Access.BUFG_DRCK/Dbg_Clk_0 | Block_Design_i/mdm_1/U0/MDM_Core_I1/JTAG_CONTROL_I/tdi_shifter0                                                                                                                                             |                                                                                                                                                    |                2 |              8 |         4.00 |
|  Block_Design_i/clk_wiz_0/inst/clk_out1                        | Block_Design_i/FFT_8_Points_IP_0/inst/FFT_8_Points_IP_v1_0_S00_AXI_inst/slv_reg6[23]_i_1_n_0                                                                                                                | Block_Design_i/FFT_8_Points_IP_0/inst/axi_awready_i_1_n_0                                                                                          |                2 |              8 |         4.00 |
|  Block_Design_i/clk_wiz_0/inst/clk_out1                        | Block_Design_i/FFT_8_Points_IP_0/inst/FFT_8_Points_IP_v1_0_S00_AXI_inst/slv_reg7[23]_i_1_n_0                                                                                                                | Block_Design_i/FFT_8_Points_IP_0/inst/axi_awready_i_1_n_0                                                                                          |                4 |              8 |         2.00 |
|  Block_Design_i/clk_wiz_0/inst/clk_out1                        | Block_Design_i/FFT_8_Points_IP_0/inst/FFT_8_Points_IP_v1_0_S00_AXI_inst/slv_reg10[15]_i_1_n_0                                                                                                               | Block_Design_i/FFT_8_Points_IP_0/inst/axi_awready_i_1_n_0                                                                                          |                3 |              8 |         2.67 |
|  Block_Design_i/mdm_1/U0/Use_E2.BSCAN_I/Dbg_Update_0_BUFG      | Block_Design_i/mdm_1/U0/MDM_Core_I1/JTAG_CONTROL_I/Use_BSCAN.FDC_I/command_10                                                                                                                               |                                                                                                                                                    |                2 |              8 |         4.00 |
| ~Block_Design_i/mdm_1/U0/Use_E2.BSCAN_I/Dbg_Update_0_BUFG      | Block_Design_i/mdm_1/U0/MDM_Core_I1/JTAG_CONTROL_I/Use_BSCAN.command[0]_i_1_n_0                                                                                                                             |                                                                                                                                                    |                2 |              8 |         4.00 |
|  Block_Design_i/clk_wiz_0/inst/clk_out1                        | Block_Design_i/FFT_8_Points_IP_0/inst/FFT_8_Points_IP_v1_0_S00_AXI_inst/slv_reg7[7]_i_1_n_0                                                                                                                 | Block_Design_i/FFT_8_Points_IP_0/inst/axi_awready_i_1_n_0                                                                                          |                2 |              8 |         4.00 |
|  Block_Design_i/clk_wiz_0/inst/clk_out1                        | Block_Design_i/FFT_8_Points_IP_0/inst/FFT_8_Points_IP_v1_0_S00_AXI_inst/slv_reg1[15]_i_1_n_0                                                                                                                | Block_Design_i/FFT_8_Points_IP_0/inst/axi_awready_i_1_n_0                                                                                          |                2 |              8 |         4.00 |
|  Block_Design_i/clk_wiz_0/inst/clk_out1                        | Block_Design_i/FFT_8_Points_IP_0/inst/FFT_8_Points_IP_v1_0_S00_AXI_inst/slv_reg4[15]_i_1_n_0                                                                                                                | Block_Design_i/FFT_8_Points_IP_0/inst/axi_awready_i_1_n_0                                                                                          |                1 |              8 |         8.00 |
|  Block_Design_i/clk_wiz_0/inst/clk_out1                        | Block_Design_i/FFT_8_Points_IP_0/inst/FFT_8_Points_IP_v1_0_S00_AXI_inst/slv_reg14[31]_i_1_n_0                                                                                                               | Block_Design_i/FFT_8_Points_IP_0/inst/axi_awready_i_1_n_0                                                                                          |                4 |              8 |         2.00 |
|  Block_Design_i/clk_wiz_0/inst/clk_out1                        | Block_Design_i/FFT_8_Points_IP_0/inst/FFT_8_Points_IP_v1_0_S00_AXI_inst/slv_reg8[15]_i_1_n_0                                                                                                                | Block_Design_i/FFT_8_Points_IP_0/inst/axi_awready_i_1_n_0                                                                                          |                2 |              8 |         4.00 |
|  Block_Design_i/clk_wiz_0/inst/clk_out1                        | Block_Design_i/FFT_8_Points_IP_0/inst/FFT_8_Points_IP_v1_0_S00_AXI_inst/slv_reg8[31]_i_1_n_0                                                                                                                | Block_Design_i/FFT_8_Points_IP_0/inst/axi_awready_i_1_n_0                                                                                          |                2 |              8 |         4.00 |
|  Block_Design_i/clk_wiz_0/inst/clk_out1                        | Block_Design_i/FFT_8_Points_IP_0/inst/FFT_8_Points_IP_v1_0_S00_AXI_inst/slv_reg9[15]_i_1_n_0                                                                                                                | Block_Design_i/FFT_8_Points_IP_0/inst/axi_awready_i_1_n_0                                                                                          |                1 |              8 |         8.00 |
|  Block_Design_i/clk_wiz_0/inst/clk_out1                        | Block_Design_i/FFT_8_Points_IP_0/inst/FFT_8_Points_IP_v1_0_S00_AXI_inst/slv_reg9[23]_i_1_n_0                                                                                                                | Block_Design_i/FFT_8_Points_IP_0/inst/axi_awready_i_1_n_0                                                                                          |                3 |              8 |         2.67 |
|  Block_Design_i/clk_wiz_0/inst/clk_out1                        | Block_Design_i/FFT_8_Points_IP_0/inst/FFT_8_Points_IP_v1_0_S00_AXI_inst/slv_reg4[23]_i_1_n_0                                                                                                                | Block_Design_i/FFT_8_Points_IP_0/inst/axi_awready_i_1_n_0                                                                                          |                3 |              8 |         2.67 |
|  Block_Design_i/clk_wiz_0/inst/clk_out1                        | Block_Design_i/FFT_8_Points_IP_0/inst/FFT_8_Points_IP_v1_0_S00_AXI_inst/slv_reg7[15]_i_1_n_0                                                                                                                | Block_Design_i/FFT_8_Points_IP_0/inst/axi_awready_i_1_n_0                                                                                          |                4 |              8 |         2.00 |
|  Block_Design_i/clk_wiz_0/inst/clk_out1                        | Block_Design_i/FFT_8_Points_IP_0/inst/FFT_8_Points_IP_v1_0_S00_AXI_inst/slv_reg9[31]_i_1_n_0                                                                                                                | Block_Design_i/FFT_8_Points_IP_0/inst/axi_awready_i_1_n_0                                                                                          |                2 |              8 |         4.00 |
|  Block_Design_i/clk_wiz_0/inst/clk_out1                        | Block_Design_i/FFT_8_Points_IP_0/inst/FFT_8_Points_IP_v1_0_S00_AXI_inst/slv_reg4[7]_i_1_n_0                                                                                                                 | Block_Design_i/FFT_8_Points_IP_0/inst/axi_awready_i_1_n_0                                                                                          |                2 |              8 |         4.00 |
|  Block_Design_i/clk_wiz_0/inst/clk_out1                        | Block_Design_i/FFT_8_Points_IP_0/inst/FFT_8_Points_IP_v1_0_S00_AXI_inst/slv_reg9[7]_i_1_n_0                                                                                                                 | Block_Design_i/FFT_8_Points_IP_0/inst/axi_awready_i_1_n_0                                                                                          |                3 |              8 |         2.67 |
|  Block_Design_i/clk_wiz_0/inst/clk_out1                        | Block_Design_i/FFT_8_Points_IP_0/inst/FFT_8_Points_IP_v1_0_S00_AXI_inst/p_1_in[15]                                                                                                                          | Block_Design_i/FFT_8_Points_IP_0/inst/axi_awready_i_1_n_0                                                                                          |                3 |              8 |         2.67 |
|  Block_Design_i/clk_wiz_0/inst/clk_out1                        | Block_Design_i/FFT_8_Points_IP_0/inst/FFT_8_Points_IP_v1_0_S00_AXI_inst/p_1_in[23]                                                                                                                          | Block_Design_i/FFT_8_Points_IP_0/inst/axi_awready_i_1_n_0                                                                                          |                1 |              8 |         8.00 |
|  Block_Design_i/clk_wiz_0/inst/clk_out1                        | Block_Design_i/FFT_8_Points_IP_0/inst/FFT_8_Points_IP_v1_0_S00_AXI_inst/p_1_in[31]                                                                                                                          | Block_Design_i/FFT_8_Points_IP_0/inst/axi_awready_i_1_n_0                                                                                          |                4 |              8 |         2.00 |
|  Block_Design_i/clk_wiz_0/inst/clk_out1                        | Block_Design_i/FFT_8_Points_IP_0/inst/FFT_8_Points_IP_v1_0_S00_AXI_inst/p_1_in[7]                                                                                                                           | Block_Design_i/FFT_8_Points_IP_0/inst/axi_awready_i_1_n_0                                                                                          |                1 |              8 |         8.00 |
|  Block_Design_i/clk_wiz_0/inst/clk_out1                        | Block_Design_i/axi_uartlite_0/U0/UARTLITE_CORE_I/UARTLITE_RX_I/SRL_FIFO_I/I_SRL_FIFO_RBU_F/DYNSHREG_F_I/fifo_wr                                                                                             |                                                                                                                                                    |                1 |              8 |         8.00 |
|  Block_Design_i/clk_wiz_0/inst/clk_out1                        | Block_Design_i/axi_uartlite_0/U0/AXI_LITE_IPIF_I/I_SLAVE_ATTACHMENT/I_DECODER/fifo_wr                                                                                                                       |                                                                                                                                                    |                1 |              8 |         8.00 |
|  Block_Design_i/clk_wiz_0/inst/clk_out1                        | Block_Design_i/axi_uartlite_0/U0/AXI_LITE_IPIF_I/I_SLAVE_ATTACHMENT/s_axi_rresp_i                                                                                                                           | Block_Design_i/axi_uartlite_0/U0/AXI_LITE_IPIF_I/I_SLAVE_ATTACHMENT/rst                                                                            |                6 |              8 |         1.33 |
|  Block_Design_i/clk_wiz_0/inst/clk_out1                        | Block_Design_i/FFT_8_Points_IP_0/inst/FFT_8_Points_IP_v1_0_S00_AXI_inst/slv_reg13[23]_i_1_n_0                                                                                                               | Block_Design_i/FFT_8_Points_IP_0/inst/axi_awready_i_1_n_0                                                                                          |                2 |              8 |         4.00 |
|  Block_Design_i/clk_wiz_0/inst/clk_out1                        | Block_Design_i/FFT_8_Points_IP_0/inst/FFT_8_Points_IP_v1_0_S00_AXI_inst/slv_reg13[31]_i_1_n_0                                                                                                               | Block_Design_i/FFT_8_Points_IP_0/inst/axi_awready_i_1_n_0                                                                                          |                2 |              8 |         4.00 |
|  Block_Design_i/clk_wiz_0/inst/clk_out1                        | Block_Design_i/FFT_8_Points_IP_0/inst/FFT_8_Points_IP_v1_0_S00_AXI_inst/slv_reg13[7]_i_1_n_0                                                                                                                | Block_Design_i/FFT_8_Points_IP_0/inst/axi_awready_i_1_n_0                                                                                          |                3 |              8 |         2.67 |
|  Block_Design_i/clk_wiz_0/inst/clk_out1                        | Block_Design_i/FFT_8_Points_IP_0/inst/FFT_8_Points_IP_v1_0_S00_AXI_inst/slv_reg13[15]_i_1_n_0                                                                                                               | Block_Design_i/FFT_8_Points_IP_0/inst/axi_awready_i_1_n_0                                                                                          |                2 |              8 |         4.00 |
|  Block_Design_i/clk_wiz_0/inst/clk_out1                        | Block_Design_i/FFT_8_Points_IP_0/inst/FFT_8_Points_IP_v1_0_S00_AXI_inst/slv_reg14[15]_i_1_n_0                                                                                                               | Block_Design_i/FFT_8_Points_IP_0/inst/axi_awready_i_1_n_0                                                                                          |                3 |              8 |         2.67 |
|  Block_Design_i/clk_wiz_0/inst/clk_out1                        | Block_Design_i/FFT_8_Points_IP_0/inst/FFT_8_Points_IP_v1_0_S00_AXI_inst/slv_reg14[23]_i_1_n_0                                                                                                               | Block_Design_i/FFT_8_Points_IP_0/inst/axi_awready_i_1_n_0                                                                                          |                3 |              8 |         2.67 |
|  Block_Design_i/clk_wiz_0/inst/clk_out1                        | Block_Design_i/FFT_8_Points_IP_0/inst/FFT_8_Points_IP_v1_0_S00_AXI_inst/slv_reg10[31]_i_1_n_0                                                                                                               | Block_Design_i/FFT_8_Points_IP_0/inst/axi_awready_i_1_n_0                                                                                          |                2 |              8 |         4.00 |
|  Block_Design_i/clk_wiz_0/inst/clk_out1                        | Block_Design_i/FFT_8_Points_IP_0/inst/FFT_8_Points_IP_v1_0_S00_AXI_inst/slv_reg15[23]_i_1_n_0                                                                                                               | Block_Design_i/FFT_8_Points_IP_0/inst/axi_awready_i_1_n_0                                                                                          |                2 |              8 |         4.00 |
|  Block_Design_i/clk_wiz_0/inst/clk_out1                        | Block_Design_i/FFT_8_Points_IP_0/inst/FFT_8_Points_IP_v1_0_S00_AXI_inst/slv_reg11[31]_i_1_n_0                                                                                                               | Block_Design_i/FFT_8_Points_IP_0/inst/axi_awready_i_1_n_0                                                                                          |                2 |              8 |         4.00 |
|  Block_Design_i/clk_wiz_0/inst/clk_out1                        | Block_Design_i/FFT_8_Points_IP_0/inst/FFT_8_Points_IP_v1_0_S00_AXI_inst/slv_reg10[23]_i_1_n_0                                                                                                               | Block_Design_i/FFT_8_Points_IP_0/inst/axi_awready_i_1_n_0                                                                                          |                3 |              8 |         2.67 |
|  Block_Design_i/clk_wiz_0/inst/clk_out1                        | Block_Design_i/FFT_8_Points_IP_0/inst/FFT_8_Points_IP_v1_0_S00_AXI_inst/slv_reg11[15]_i_1_n_0                                                                                                               | Block_Design_i/FFT_8_Points_IP_0/inst/axi_awready_i_1_n_0                                                                                          |                4 |              8 |         2.00 |
|  Block_Design_i/clk_wiz_0/inst/clk_out1                        | Block_Design_i/FFT_8_Points_IP_0/inst/FFT_8_Points_IP_v1_0_S00_AXI_inst/slv_reg11[7]_i_1_n_0                                                                                                                | Block_Design_i/FFT_8_Points_IP_0/inst/axi_awready_i_1_n_0                                                                                          |                2 |              8 |         4.00 |
|  Block_Design_i/clk_wiz_0/inst/clk_out1                        | Block_Design_i/FFT_8_Points_IP_0/inst/FFT_8_Points_IP_v1_0_S00_AXI_inst/slv_reg11[23]_i_1_n_0                                                                                                               | Block_Design_i/FFT_8_Points_IP_0/inst/axi_awready_i_1_n_0                                                                                          |                2 |              8 |         4.00 |
|  Block_Design_i/clk_wiz_0/inst/clk_out1                        | Block_Design_i/FFT_8_Points_IP_0/inst/FFT_8_Points_IP_v1_0_S00_AXI_inst/slv_reg12[15]_i_1_n_0                                                                                                               | Block_Design_i/FFT_8_Points_IP_0/inst/axi_awready_i_1_n_0                                                                                          |                2 |              8 |         4.00 |
|  Block_Design_i/clk_wiz_0/inst/clk_out1                        | Block_Design_i/FFT_8_Points_IP_0/inst/FFT_8_Points_IP_v1_0_S00_AXI_inst/slv_reg12[23]_i_1_n_0                                                                                                               | Block_Design_i/FFT_8_Points_IP_0/inst/axi_awready_i_1_n_0                                                                                          |                2 |              8 |         4.00 |
|  Block_Design_i/clk_wiz_0/inst/clk_out1                        | Block_Design_i/FFT_8_Points_IP_0/inst/FFT_8_Points_IP_v1_0_S00_AXI_inst/slv_reg10[7]_i_1_n_0                                                                                                                | Block_Design_i/FFT_8_Points_IP_0/inst/axi_awready_i_1_n_0                                                                                          |                3 |              8 |         2.67 |
|  Block_Design_i/clk_wiz_0/inst/clk_out1                        | Block_Design_i/FFT_8_Points_IP_0/inst/FFT_8_Points_IP_v1_0_S00_AXI_inst/slv_reg12[31]_i_1_n_0                                                                                                               | Block_Design_i/FFT_8_Points_IP_0/inst/axi_awready_i_1_n_0                                                                                          |                2 |              8 |         4.00 |
|  Block_Design_i/clk_wiz_0/inst/clk_out1                        | Block_Design_i/FFT_8_Points_IP_0/inst/FFT_8_Points_IP_v1_0_S00_AXI_inst/slv_reg12[7]_i_1_n_0                                                                                                                | Block_Design_i/FFT_8_Points_IP_0/inst/axi_awready_i_1_n_0                                                                                          |                3 |              8 |         2.67 |
|  Block_Design_i/clk_wiz_0/inst/clk_out1                        | Block_Design_i/FFT_8_Points_IP_0/inst/FFT_8_Points_IP_v1_0_S00_AXI_inst/slv_reg1[23]_i_1_n_0                                                                                                                | Block_Design_i/FFT_8_Points_IP_0/inst/axi_awready_i_1_n_0                                                                                          |                3 |              8 |         2.67 |
|  Block_Design_i/clk_wiz_0/inst/clk_out1                        | Block_Design_i/FFT_8_Points_IP_0/inst/FFT_8_Points_IP_v1_0_S00_AXI_inst/slv_reg5[31]_i_1_n_0                                                                                                                | Block_Design_i/FFT_8_Points_IP_0/inst/axi_awready_i_1_n_0                                                                                          |                3 |              8 |         2.67 |
|  Block_Design_i/clk_wiz_0/inst/clk_out1                        | Block_Design_i/FFT_8_Points_IP_0/inst/FFT_8_Points_IP_v1_0_S00_AXI_inst/slv_reg3[23]_i_1_n_0                                                                                                                | Block_Design_i/FFT_8_Points_IP_0/inst/axi_awready_i_1_n_0                                                                                          |                3 |              8 |         2.67 |
|  Block_Design_i/clk_wiz_0/inst/clk_out1                        | Block_Design_i/FFT_8_Points_IP_0/inst/FFT_8_Points_IP_v1_0_S00_AXI_inst/slv_reg3[31]_i_1_n_0                                                                                                                | Block_Design_i/FFT_8_Points_IP_0/inst/axi_awready_i_1_n_0                                                                                          |                3 |              8 |         2.67 |
|  Block_Design_i/clk_wiz_0/inst/clk_out1                        | Block_Design_i/FFT_8_Points_IP_0/inst/FFT_8_Points_IP_v1_0_S00_AXI_inst/slv_reg8[7]_i_1_n_0                                                                                                                 | Block_Design_i/FFT_8_Points_IP_0/inst/axi_awready_i_1_n_0                                                                                          |                1 |              8 |         8.00 |
|  Block_Design_i/clk_wiz_0/inst/clk_out1                        | Block_Design_i/FFT_8_Points_IP_0/inst/FFT_8_Points_IP_v1_0_S00_AXI_inst/slv_reg2[7]_i_1_n_0                                                                                                                 | Block_Design_i/FFT_8_Points_IP_0/inst/axi_awready_i_1_n_0                                                                                          |                2 |              8 |         4.00 |
|  Block_Design_i/clk_wiz_0/inst/clk_out1                        | Block_Design_i/FFT_8_Points_IP_0/inst/FFT_8_Points_IP_v1_0_S00_AXI_inst/slv_reg7[31]_i_1_n_0                                                                                                                | Block_Design_i/FFT_8_Points_IP_0/inst/axi_awready_i_1_n_0                                                                                          |                6 |              8 |         1.33 |
|  Block_Design_i/clk_wiz_0/inst/clk_out1                        | Block_Design_i/FFT_8_Points_IP_0/inst/FFT_8_Points_IP_v1_0_S00_AXI_inst/slv_reg8[23]_i_1_n_0                                                                                                                | Block_Design_i/FFT_8_Points_IP_0/inst/axi_awready_i_1_n_0                                                                                          |                1 |              8 |         8.00 |
|  Block_Design_i/clk_wiz_0/inst/clk_out1                        | Block_Design_i/FFT_8_Points_IP_0/inst/FFT_8_Points_IP_v1_0_S00_AXI_inst/slv_reg5[7]_i_1_n_0                                                                                                                 | Block_Design_i/FFT_8_Points_IP_0/inst/axi_awready_i_1_n_0                                                                                          |                1 |              8 |         8.00 |
|  Block_Design_i/clk_wiz_0/inst/clk_out1                        | Block_Design_i/FFT_8_Points_IP_0/inst/FFT_8_Points_IP_v1_0_S00_AXI_inst/slv_reg5[15]_i_1_n_0                                                                                                                | Block_Design_i/FFT_8_Points_IP_0/inst/axi_awready_i_1_n_0                                                                                          |                2 |              8 |         4.00 |
|  Block_Design_i/clk_wiz_0/inst/clk_out1                        | Block_Design_i/FFT_8_Points_IP_0/inst/FFT_8_Points_IP_v1_0_S00_AXI_inst/slv_reg6[31]_i_1_n_0                                                                                                                | Block_Design_i/FFT_8_Points_IP_0/inst/axi_awready_i_1_n_0                                                                                          |                6 |              8 |         1.33 |
|  Block_Design_i/clk_wiz_0/inst/clk_out1                        | Block_Design_i/FFT_8_Points_IP_0/inst/FFT_8_Points_IP_v1_0_S00_AXI_inst/slv_reg6[15]_i_1_n_0                                                                                                                | Block_Design_i/FFT_8_Points_IP_0/inst/axi_awready_i_1_n_0                                                                                          |                2 |              8 |         4.00 |
|  Block_Design_i/clk_wiz_0/inst/clk_out1                        | Block_Design_i/FFT_8_Points_IP_0/inst/FFT_8_Points_IP_v1_0_S00_AXI_inst/slv_reg15[15]_i_1_n_0                                                                                                               | Block_Design_i/FFT_8_Points_IP_0/inst/axi_awready_i_1_n_0                                                                                          |                4 |              8 |         2.00 |
|  Block_Design_i/clk_wiz_0/inst/clk_out1                        | Block_Design_i/FFT_8_Points_IP_0/inst/FFT_8_Points_IP_v1_0_S00_AXI_inst/slv_reg2[15]_i_1_n_0                                                                                                                | Block_Design_i/FFT_8_Points_IP_0/inst/axi_awready_i_1_n_0                                                                                          |                5 |              8 |         1.60 |
|  Block_Design_i/clk_wiz_0/inst/clk_out1                        | Block_Design_i/FFT_8_Points_IP_0/inst/FFT_8_Points_IP_v1_0_S00_AXI_inst/slv_reg3[7]_i_1_n_0                                                                                                                 | Block_Design_i/FFT_8_Points_IP_0/inst/axi_awready_i_1_n_0                                                                                          |                3 |              8 |         2.67 |
|  Block_Design_i/clk_wiz_0/inst/clk_out1                        | Block_Design_i/FFT_8_Points_IP_0/inst/FFT_8_Points_IP_v1_0_S00_AXI_inst/slv_reg6[7]_i_1_n_0                                                                                                                 | Block_Design_i/FFT_8_Points_IP_0/inst/axi_awready_i_1_n_0                                                                                          |                3 |              8 |         2.67 |
|  Block_Design_i/clk_wiz_0/inst/clk_out1                        | Block_Design_i/FFT_8_Points_IP_0/inst/FFT_8_Points_IP_v1_0_S00_AXI_inst/slv_reg1[31]_i_1_n_0                                                                                                                | Block_Design_i/FFT_8_Points_IP_0/inst/axi_awready_i_1_n_0                                                                                          |                3 |              8 |         2.67 |
|  Block_Design_i/clk_wiz_0/inst/clk_out1                        | Block_Design_i/FFT_8_Points_IP_0/inst/FFT_8_Points_IP_v1_0_S00_AXI_inst/slv_reg15[31]_i_1_n_0                                                                                                               | Block_Design_i/FFT_8_Points_IP_0/inst/axi_awready_i_1_n_0                                                                                          |                3 |              8 |         2.67 |
|  Block_Design_i/clk_wiz_0/inst/clk_out1                        | Block_Design_i/FFT_8_Points_IP_0/inst/FFT_8_Points_IP_v1_0_S00_AXI_inst/slv_reg15[7]_i_1_n_0                                                                                                                | Block_Design_i/FFT_8_Points_IP_0/inst/axi_awready_i_1_n_0                                                                                          |                3 |              8 |         2.67 |
|  Block_Design_i/clk_wiz_0/inst/clk_out1                        | Block_Design_i/FFT_8_Points_IP_0/inst/FFT_8_Points_IP_v1_0_S00_AXI_inst/slv_reg1[7]_i_1_n_0                                                                                                                 | Block_Design_i/FFT_8_Points_IP_0/inst/axi_awready_i_1_n_0                                                                                          |                2 |              8 |         4.00 |
|  Block_Design_i/clk_wiz_0/inst/clk_out1                        | Block_Design_i/FFT_8_Points_IP_0/inst/FFT_8_Points_IP_v1_0_S00_AXI_inst/slv_reg2[31]_i_1_n_0                                                                                                                | Block_Design_i/FFT_8_Points_IP_0/inst/axi_awready_i_1_n_0                                                                                          |                3 |              8 |         2.67 |
|  Block_Design_i/clk_wiz_0/inst/clk_out1                        | Block_Design_i/FFT_8_Points_IP_0/inst/FFT_8_Points_IP_v1_0_S00_AXI_inst/slv_reg14[7]_i_1_n_0                                                                                                                | Block_Design_i/FFT_8_Points_IP_0/inst/axi_awready_i_1_n_0                                                                                          |                3 |              8 |         2.67 |
|  Block_Design_i/clk_wiz_0/inst/clk_out1                        | Block_Design_i/FFT_8_Points_IP_0/inst/FFT_8_Points_IP_v1_0_S00_AXI_inst/slv_reg5[23]_i_1_n_0                                                                                                                | Block_Design_i/FFT_8_Points_IP_0/inst/axi_awready_i_1_n_0                                                                                          |                4 |              8 |         2.00 |
|  Block_Design_i/clk_wiz_0/inst/clk_out1                        | Block_Design_i/FFT_8_Points_IP_0/inst/FFT_8_Points_IP_v1_0_S00_AXI_inst/slv_reg3[15]_i_1_n_0                                                                                                                | Block_Design_i/FFT_8_Points_IP_0/inst/axi_awready_i_1_n_0                                                                                          |                5 |              8 |         1.60 |
|  Block_Design_i/mdm_1/U0/No_Dbg_Reg_Access.BUFG_DRCK/Dbg_Clk_0 | Block_Design_i/mdm_1/U0/MDM_Core_I1/JTAG_CONTROL_I/Use_BSCAN.FDC_I/Use_Serial_Unified_Completion.completion_block_reg                                                                                       |                                                                                                                                                    |                4 |             10 |         2.50 |
|  Block_Design_i/clk_wiz_0/inst/clk_out1                        |                                                                                                                                                                                                             | Block_Design_i/axi_uartlite_0/U0/AXI_LITE_IPIF_I/I_SLAVE_ATTACHMENT/rst                                                                            |                4 |             10 |         2.50 |
|  Block_Design_i/clk_wiz_0/inst/clk_out1                        |                                                                                                                                                                                                             | Block_Design_i/microblaze_0_axi_periph/xbar/inst/gen_sasd.crossbar_sasd_0/addr_arbiter_inst/SR[0]                                                  |                4 |             11 |         2.75 |
|  Block_Design_i/clk_wiz_0/inst/clk_out1                        | Block_Design_i/microblaze_0_axi_periph/xbar/inst/gen_sasd.crossbar_sasd_0/reg_slice_r/aa_rready                                                                                                             |                                                                                                                                                    |                7 |             15 |         2.14 |
|  Block_Design_i/clk_wiz_0/inst/clk_out1                        | Block_Design_i/microblaze_0/U0/MicroBlaze_Core_I/Performance.Core/Decode_I/PreFetch_Buffer_I1/OF_Valid_DFF/E[0]                                                                                             | Block_Design_i/microblaze_0/U0/MicroBlaze_Core_I/sync_reset                                                                                        |                6 |             16 |         2.67 |
|  Block_Design_i/clk_wiz_0/inst/clk_out1                        | Block_Design_i/microblaze_0/U0/MicroBlaze_Core_I/Performance.Core/Decode_I/mem_wait_on_ready_N_carry_or/MUXCY_I/lopt_1                                                                                      | Block_Design_i/microblaze_0/U0/MicroBlaze_Core_I/sync_reset                                                                                        |                6 |             20 |         3.33 |
|  Block_Design_i/clk_wiz_0/inst/clk_out1                        | Block_Design_i/microblaze_0_axi_periph/xbar/inst/gen_sasd.crossbar_sasd_0/addr_arbiter_inst/p_0_in1_in                                                                                                      | Block_Design_i/microblaze_0_axi_periph/xbar/inst/gen_sasd.crossbar_sasd_0/addr_arbiter_inst/SR[0]                                                  |                5 |             21 |         4.20 |
|  Block_Design_i/mdm_1/U0/No_Dbg_Reg_Access.BUFG_DRCK/Dbg_Clk_0 |                                                                                                                                                                                                             | Block_Design_i/mdm_1/U0/Use_E2.BSCAN_I/Use_E2.BSCANE2_I_4                                                                                          |                5 |             23 |         4.60 |
|  Block_Design_i/clk_wiz_0/inst/clk_out1                        | Block_Design_i/axi_uartlite_0/U0/UARTLITE_CORE_I/BAUD_RATE_I/en_16x_Baud                                                                                                                                    | Block_Design_i/axi_uartlite_0/U0/UARTLITE_CORE_I/UARTLITE_RX_I/s_axi_aresetn_0                                                                     |                8 |             28 |         3.50 |
|  Block_Design_i/clk_wiz_0/inst/clk_out1                        |                                                                                                                                                                                                             | Block_Design_i/axi_uartlite_0/U0/UARTLITE_CORE_I/UARTLITE_RX_I/s_axi_aresetn_0                                                                     |               10 |             30 |         3.00 |
|  Block_Design_i/mdm_1/U0/No_Dbg_Reg_Access.BUFG_DRCK/Dbg_Clk_0 | Block_Design_i/microblaze_0/U0/MicroBlaze_Core_I/Performance.Core/Use_Debug_Logic.Master_Core.Debug_Perf/Serial_Dbg_Intf.New_Dbg_Instr_TCK                                                                  |                                                                                                                                                    |               11 |             32 |         2.91 |
|  Block_Design_i/clk_wiz_0/inst/clk_out1                        | Block_Design_i/microblaze_0/U0/MicroBlaze_Core_I/Performance.Core/Use_Debug_Logic.Master_Core.Debug_Perf/data_rd_reg[0]_i_1_n_0                                                                             | Block_Design_i/microblaze_0/U0/MicroBlaze_Core_I/sync_reset                                                                                        |                9 |             32 |         3.56 |
|  Block_Design_i/clk_wiz_0/inst/clk_out1                        | Block_Design_i/microblaze_0/U0/MicroBlaze_Core_I/Performance.Core/Decode_I/mem_wait_on_ready_N_carry_or/MUXCY_I/lopt_1                                                                                      |                                                                                                                                                    |                5 |             32 |         6.40 |
|  Block_Design_i/clk_wiz_0/inst/clk_out1                        | Block_Design_i/microblaze_0/U0/MicroBlaze_Core_I/Performance.Core/Decode_I/mem_wait_on_ready_N_carry_or/MUXCY_I/lopt_1                                                                                      | Block_Design_i/microblaze_0/U0/MicroBlaze_Core_I/Performance.Core/Decode_I/SR[0]                                                                   |               16 |             32 |         2.00 |
|  Block_Design_i/clk_wiz_0/inst/clk_out1                        | Block_Design_i/microblaze_0/U0/MicroBlaze_Core_I/Performance.Core/Decode_I/Use_MuxCy[3].OF_Piperun_Stage/MUXCY_I/E[0]                                                                                       | Block_Design_i/microblaze_0/U0/MicroBlaze_Core_I/sync_reset                                                                                        |                5 |             32 |         6.40 |
|  Block_Design_i/clk_wiz_0/inst/clk_out1                        | Block_Design_i/microblaze_0/U0/MicroBlaze_Core_I/Performance.Core/Decode_I/Use_MuxCy[3].OF_Piperun_Stage/MUXCY_I/Using_FPGA.Native_0                                                                        | Block_Design_i/microblaze_0/U0/MicroBlaze_Core_I/Performance.Core/Decode_I/R                                                                       |               13 |             32 |         2.46 |
|  Block_Design_i/clk_wiz_0/inst/clk_out1                        | Block_Design_i/FFT_8_Points_IP_0/inst/FFT_8_Points_IP_v1_0_S00_AXI_inst/slv_reg_rden                                                                                                                        | Block_Design_i/FFT_8_Points_IP_0/inst/axi_awready_i_1_n_0                                                                                          |               17 |             32 |         1.88 |
|  Block_Design_i/clk_wiz_0/inst/clk_out1                        |                                                                                                                                                                                                             | Block_Design_i/microblaze_0/U0/MicroBlaze_Core_I/Performance.Core/wb_dlmb_valid_read_data0                                                         |               14 |             32 |         2.29 |
|  Block_Design_i/clk_wiz_0/inst/clk_out1                        | Block_Design_i/microblaze_0/U0/MicroBlaze_Core_I/Performance.Core/Decode_I/PreFetch_Buffer_I1/Gen_Mux_Select_LUT6[1].Gen_Sel_DFF/if_fetch_in_progress_reg[0]                                                | Block_Design_i/microblaze_0/U0/MicroBlaze_Core_I/sync_reset                                                                                        |                8 |             32 |         4.00 |
|  Block_Design_i/clk_wiz_0/inst/clk_out1                        | Block_Design_i/microblaze_0_axi_periph/xbar/inst/gen_sasd.crossbar_sasd_0/addr_arbiter_inst/s_axi_rvalid[0]                                                                                                 | Block_Design_i/microblaze_0/U0/MicroBlaze_Core_I/sync_reset                                                                                        |                8 |             32 |         4.00 |
|  Block_Design_i/clk_wiz_0/inst/clk_out1                        | Block_Design_i/microblaze_0_axi_periph/xbar/inst/gen_sasd.crossbar_sasd_0/addr_arbiter_inst/E[0]                                                                                                            |                                                                                                                                                    |               10 |             33 |         3.30 |
|  Block_Design_i/mdm_1/U0/No_Dbg_Reg_Access.BUFG_DRCK/Dbg_Clk_0 | Block_Design_i/mdm_1/U0/Use_E2.BSCAN_I/Use_E2.BSCANE2_I_0                                                                                                                                                   |                                                                                                                                                    |               16 |             47 |         2.94 |
|  Block_Design_i/clk_wiz_0/inst/clk_out1                        | Block_Design_i/microblaze_0/U0/MicroBlaze_Core_I/Performance.Core/Decode_I/PreFetch_Buffer_I1/Instruction_Prefetch_Mux[42].Instr_Mux_MUXF7/IReady_0                                                         |                                                                                                                                                    |               10 |             75 |         7.50 |
|  Block_Design_i/mdm_1/U0/No_Dbg_Reg_Access.BUFG_DRCK/Dbg_Clk_0 |                                                                                                                                                                                                             |                                                                                                                                                    |               28 |             80 |         2.86 |
|  Block_Design_i/clk_wiz_0/inst/clk_out1                        | Block_Design_i/microblaze_0/U0/MicroBlaze_Core_I/Performance.Core/Decode_I/Use_MuxCy[3].OF_Piperun_Stage/MUXCY_I/Using_FPGA.Native_0                                                                        | Block_Design_i/microblaze_0/U0/MicroBlaze_Core_I/sync_reset                                                                                        |               42 |             81 |         1.93 |
|  Block_Design_i/clk_wiz_0/inst/clk_out1                        | Block_Design_i/microblaze_0/U0/MicroBlaze_Core_I/Performance.Core/Decode_I/WB_GPR_Wr                                                                                                                        |                                                                                                                                                    |               16 |            128 |         8.00 |
|  Block_Design_i/clk_wiz_0/inst/clk_out1                        |                                                                                                                                                                                                             | Block_Design_i/microblaze_0/U0/MicroBlaze_Core_I/sync_reset                                                                                        |               69 |            150 |         2.17 |
|  Block_Design_i/clk_wiz_0/inst/clk_out1                        | Block_Design_i/microblaze_0/U0/MicroBlaze_Core_I/Performance.Core/Decode_I/Use_MuxCy[11].OF_Piperun_Stage/MUXCY_I/Using_FPGA.Native_0                                                                       | Block_Design_i/microblaze_0/U0/MicroBlaze_Core_I/sync_reset                                                                                        |               88 |            218 |         2.48 |
|  Block_Design_i/clk_wiz_0/inst/clk_out1                        |                                                                                                                                                                                                             |                                                                                                                                                    |              248 |            896 |         3.61 |
+----------------------------------------------------------------+-------------------------------------------------------------------------------------------------------------------------------------------------------------------------------------------------------------+----------------------------------------------------------------------------------------------------------------------------------------------------+------------------+----------------+--------------+


